// Jest Snapshot v1, https://goo.gl/fbAQLP

exports[`<CreateReport/> rendering should render without crashing 1`] = `ShallowWrapper {}`;
