// Jest Snapshot v1, https://goo.gl/fbAQLP

exports[`<Profile/> rendering should render without crashing 1`] = `ShallowWrapper {}`;
