// Jest Snapshot v1, https://goo.gl/fbAQLP

exports[`<AdminPage/> rendering should render without crashing 1`] = `ShallowWrapper {}`;
