// Jest Snapshot v1, https://goo.gl/fbAQLP

exports[`<Routes/> rendering should render without crashing 1`] = `ShallowWrapper {}`;
