// Jest Snapshot v1, https://goo.gl/fbAQLP

exports[`<HomeBanner/> rendering should render without crashing 1`] = `ShallowWrapper {}`;
