// Jest Snapshot v1, https://goo.gl/fbAQLP

exports[`<EditReport/> rendering should render without crashing 1`] = `ShallowWrapper {}`;
